parsl.monitoring.workflow
parsl.monitoring.task
parsl.monitoring.try
